Microchip Technology Inc, v1.32 (B)

Tool Name:
  /Applications/microchip/xc16/v1.32/bin/bin/../bin/elf-ld

Command:
  -p24FJ64GB002 \
  -o \
  dist/default/production/sdComplete.X.production.elf \
  -L/Applications/microchip/xc16/v1.32/bin/bin/.. \
  -L/Applications/microchip/xc16/v1.32/bin/bin/../../lib \
  -L/Applications/microchip/xc16/v1.32/bin/bin/../../support/PIC24E/gld \
  -L/Applications/microchip/xc16/v1.32/bin/bin/../../support/PIC24F/gld \
  -L/Applications/microchip/xc16/v1.32/bin/bin/../../support/PIC24H/gld \
  -L/Applications/microchip/xc16/v1.32/bin/bin/../../support/dsPIC30F/gld \
  -L/Applications/microchip/xc16/v1.32/bin/bin/../../support/dsPIC33E/gld \
  -L/Applications/microchip/xc16/v1.32/bin/bin/../../support/dsPIC33F/gld \
  build/default/production/mcc_generated_files/spi1.o \
  build/default/production/mcc_generated_files/oc1.o \
  build/default/production/mcc_generated_files/adc1.o \
  build/default/production/mcc_generated_files/oc2.o \
  build/default/production/mcc_generated_files/interrupt_manager.o \
  build/default/production/mcc_generated_files/traps.o \
  build/default/production/mcc_generated_files/uart1.o \
  build/default/production/mcc_generated_files/mcc.o \
  build/default/production/mcc_generated_files/pin_manager.o \
  build/default/production/mcc_generated_files/tmr1.o \
  build/default/production/mcc_generated_files/tmr2.o \
  build/default/production/main.o \
  --defsym=__MPLAB_BUILD=1 \
  -Tp24FJ64GB002.gld.00 \
  --heap=800 \
  --stack=16 \
  --check-sections \
  --data-init \
  --pack-data \
  --handles \
  --isr \
  --no-gc-sections \
  --fill-upper=0 \
  --stackguard=16 \
  --no-force-link \
  --smart-io \
  -Map=dist/default/production/sdComplete.X.production.map \
  --report-mem \
  --memorysummary \
  dist/default/production/memoryfile.xml \
  -start-group \
  --library=lega-pic30-elf \
  --library=m-elf \
  --library=lega-c-elf \
  -end-group \


Optional library libpPIC24Fxxx.a not found
Archive member included because of file (symbol)

/Applications/microchip/xc16/v1.32/bin/bin/../../lib/liblega-pic30-elf.a(crt0_standard.o)
                              (__resetPRI)
/Applications/microchip/xc16/v1.32/bin/bin/../../lib/liblega-pic30-elf.a(data_init_standard.o)
                              /Applications/microchip/xc16/v1.32/bin/bin/../../lib/liblega-pic30-elf.a(crt0_standard.o) (__data_init_standard)
/Applications/microchip/xc16/v1.32/bin/bin/../../lib/liblega-pic30-elf.a(crt_start_mode_normal.Leo)
                              (__crt_start_mode_normal)
/Applications/microchip/xc16/v1.32/bin/bin/../../lib/libm-elf.a(udivsi3.eo)
                              build/default/production/main.o (___udivsi3)
/Applications/microchip/xc16/v1.32/bin/bin/../../lib/liblega-c-elf.a(toupper.XX_eso)
                              build/default/production/main.o (_toupper)
/Applications/microchip/xc16/v1.32/bin/bin/../../lib/liblega-c-elf.a(free.XX_eo)
                              build/default/production/main.o (_free)
/Applications/microchip/xc16/v1.32/bin/bin/../../lib/liblega-c-elf.a(malloc.XX_eo)
                              /Applications/microchip/xc16/v1.32/bin/bin/../../lib/liblega-c-elf.a(free.XX_eo) (__Aldata)
/Applications/microchip/xc16/v1.32/bin/bin/../../lib/liblega-c-elf.a(memcmp.XX_eo)
                              build/default/production/main.o (_memcmp)
/Applications/microchip/xc16/v1.32/bin/bin/../../lib/liblega-c-elf.a(memcpy.XX_eo)
                              build/default/production/main.o (_memcpy)
/Applications/microchip/xc16/v1.32/bin/bin/../../lib/liblega-c-elf.a(puts.XX_eo)
                              build/default/production/main.o (_puts)
/Applications/microchip/xc16/v1.32/bin/bin/../../lib/liblega-c-elf.a(xfiles.XX_eo)
                              /Applications/microchip/xc16/v1.32/bin/bin/../../lib/liblega-c-elf.a(puts.XX_eo) (__Stdout)
/Applications/microchip/xc16/v1.32/bin/bin/../../lib/liblega-c-elf.a(xgetmem.XX_eo)
                              /Applications/microchip/xc16/v1.32/bin/bin/../../lib/liblega-c-elf.a(malloc.XX_eo) (__Getmem)
/Applications/microchip/xc16/v1.32/bin/bin/../../lib/liblega-c-elf.a(xstoul.XX_eo)
                              build/default/production/main.o (__Stoul)
/Applications/microchip/xc16/v1.32/bin/bin/../../lib/liblega-c-elf.a(isspace.XX_elso)
                              /Applications/microchip/xc16/v1.32/bin/bin/../../lib/liblega-c-elf.a(xstoul.XX_eo) (_isspace)
/Applications/microchip/xc16/v1.32/bin/bin/../../lib/liblega-c-elf.a(tolower.XX_elso)
                              /Applications/microchip/xc16/v1.32/bin/bin/../../lib/liblega-c-elf.a(xstoul.XX_eo) (_tolower)
/Applications/microchip/xc16/v1.32/bin/bin/../../lib/liblega-c-elf.a(errno.XX_elo)
                              /Applications/microchip/xc16/v1.32/bin/bin/../../lib/liblega-c-elf.a(xstoul.XX_eo) (_errno)
/Applications/microchip/xc16/v1.32/bin/bin/../../lib/liblega-c-elf.a(fputc.XX_elo)
[...]
Memory Configuration

Name             Origin             Length             Attributes
data             0x000800           0x002000           a !xr
reset            0x000000           0x000004  
ivt              0x000004           0x0000fc  
_reserved        0x000100           0x000004  
aivt             0x000104           0x0000fc  
program          0x000200           0x00a9f8           xr
CONFIG4          0x00abf8           0x000002  
CONFIG3          0x00abfa           0x000002  
CONFIG2          0x00abfc           0x000002  
CONFIG1          0x00abfe           0x000002  
*default*        0x000000           0xffffffff  

Linker script and memory map

LOAD build/default/production/mcc_generated_files/spi1.o
LOAD build/default/production/mcc_generated_files/oc1.o
LOAD build/default/production/mcc_generated_files/adc1.o
LOAD build/default/production/mcc_generated_files/oc2.o
LOAD build/default/production/mcc_generated_files/interrupt_manager.o
LOAD build/default/production/mcc_generated_files/traps.o
LOAD build/default/production/mcc_generated_files/uart1.o
LOAD build/default/production/mcc_generated_files/mcc.o
LOAD build/default/production/mcc_generated_files/pin_manager.o
LOAD build/default/production/mcc_generated_files/tmr1.o
LOAD build/default/production/mcc_generated_files/tmr2.o
LOAD build/default/production/main.o
                    0x0001                  __MPLAB_BUILD = 0x1
LOAD pPIC24Fxxx
LOAD /Applications/microchip/xc16/v1.32/bin/bin/../../lib/libfx-elf.a
                    0xabf8                  __CONFIG4 = 0xabf8
                    0xabfa                  __CONFIG3 = 0xabfa
                    0xabfc                  __CONFIG2 = 0xabfc
                    0xabfe                  __CONFIG1 = 0xabfe
                    0x0001                  __NO_HANDLES = 0x1
                    0x0200                  __CODE_BASE = 0x200
                    0xa9f8                  __CODE_LENGTH = 0xa9f8
                    0x0004                  __IVT_BASE = 0x4
                    0x0104                  __AIVT_BASE = 0x104
                    0x0800                  __DATA_BASE = 0x800
                    0x2000                  __DATA_LENGTH = 0x2000

.reset            0x000000          0x4
                  0x000000          0x2 SHORT 0x200 ABSOLUTE (__reset)
                  0x000001          0x2 SHORT 0x4
                  0x000002          0x2 SHORT 0x0 ((ABSOLUTE (__reset) >> 0x10) & 0x7f)
                  0x000003          0x2 SHORT 0x0

.text             0x000200       0x14fc
 *(.init)
 .init            0x000200         0x4c /Applications/microchip/xc16/v1.32/bin/bin/../../lib/liblega-pic30-elf.a(crt0_standard.o)
                  0x000200                  __reset
                  0x000200                  __resetPRI
                  0x00023c                  __psv_init
 .init            0x00024c         0x7c /Applications/microchip/xc16/v1.32/bin/bin/../../lib/liblega-pic30-elf.a(data_init_standard.o)
                  0x000252                  __data_init
                  0x000252                  __data_init_standard
 *(.user_init)
 *(.handle)
 *(.isr*)
 .isr.text        0x0002d8         0x22 build/default/production/mcc_generated_files/traps.o
                  0x0002d8                  __OscillatorFail
                  0x0002e0                  __StackError
                  0x0002ea                  __AddressError
                  0x0002f2                  __MathError
 .isr.text        0x0002fa        0x27c build/default/production/main.o
                  0x0002fa                  __T1Interrupt
                  0x0003c4                  __T2Interrupt
                  0x0003fc                  __T3Interrupt
                  0x00048a                  __CNInterrupt
 .isr             0x000576          0x4 default_isr
                  0x000576                  __DefaultInterrupt
 *(.libc)
 .libc            0x00057a         0x12 /Applications/microchip/xc16/v1.32/bin/bin/../../lib/liblega-pic30-elf.a(close.Leo)
                  0x00057a                  _close
 .libc            0x00058c         0x12 /Applications/microchip/xc16/v1.32/bin/bin/../../lib/liblega-pic30-elf.a(remove.Leo)
                  0x00058c                  _remove
 .libc            0x00059e         0x28 /Applications/microchip/xc16/v1.32/bin/bin/../../lib/liblega-pic30-elf.a(sbrk.Leo)
                  0x00059e                  _sbrk
 .libc            0x0005c6         0x1a /Applications/microchip/xc16/v1.32/bin/bin/../../lib/liblega-pic30-elf.a(brk.Lelo)
                  0x0005c6                  _brk
 *(.libm)
 *(.libdsp)
 *(.lib*)
 .libc.write      0x0005e0         0x42 build/default/production/mcc_generated_files/uart1.o
                  0x0005e0                  _write
 .libpic30_crt_start_mode
                  0x000622          0x2 /Applications/microchip/xc16/v1.32/bin/bin/../../lib/liblega-pic30-elf.a(crt_start_mode_normal.Leo)
                  0x000622                  __crt_start_mode_normal
                  0x000622                  __crt_start_mode
 .libm.udivsi3    0x000624         0x20 /Applications/microchip/xc16/v1.32/bin/bin/../../lib/libm-elf.a(udivsi3.eo)
                  0x000624                  ___udivsi3
 .libc.toupper    0x000644          0xe /Applications/microchip/xc16/v1.32/bin/bin/../../lib/liblega-c-elf.a(toupper.XX_eso)
                  0x000644                  _toupper
 .libc.free       0x000652         0x64 /Applications/microchip/xc16/v1.32/bin/bin/../../lib/liblega-c-elf.a(free.XX_eo)
                  0x000652                  _free
 .libc.findmem    0x0006b6         0x66 /Applications/microchip/xc16/v1.32/bin/bin/../../lib/liblega-c-elf.a(malloc.XX_eo)
 .libc.malloc     0x00071c         0x54 /Applications/microchip/xc16/v1.32/bin/bin/../../lib/liblega-c-elf.a(malloc.XX_eo)
                  0x00071c                  _malloc
 .libc.memcmp     0x000770         0x1c /Applications/microchip/xc16/v1.32/bin/bin/../../lib/liblega-c-elf.a(memcmp.XX_eo)
                  0x000770                  _memcmp
 .libc.memcpy     0x00078c          0xe /Applications/microchip/xc16/v1.32/bin/bin/../../lib/liblega-c-elf.a(memcpy.XX_eo)
                  0x00078c                  _memcpy
 .libc.puts       0x00079a         0x16 /Applications/microchip/xc16/v1.32/bin/bin/../../lib/liblega-c-elf.a(puts.XX_eo)
                  0x00079a                  _puts
 .libc._Getmem    0x0007b0         0x14 /Applications/microchip/xc16/v1.32/bin/bin/../../lib/liblega-c-elf.a(xgetmem.XX_eo)
                  0x0007b0                  __Getmem
 .libc._Stoul     0x0007c4        0x134 /Applications/microchip/xc16/v1.32/bin/bin/../../lib/liblega-c-elf.a(xstoul.XX_eo)
                  0x0007c4                  __Stoul
 .libc.isspace    0x0008f8         0x10 /Applications/microchip/xc16/v1.32/bin/bin/../../lib/liblega-c-elf.a(isspace.XX_elso)
                  0x0008f8                  _isspace
 .libc.tolower    0x000908          0xe /Applications/microchip/xc16/v1.32/bin/bin/../../lib/liblega-c-elf.a(tolower.XX_elso)
                  0x000908                  _tolower
 .libc._Geterrno
                  0x000916          0xc /Applications/microchip/xc16/v1.32/bin/bin/../../lib/liblega-c-elf.a(errno.XX_elo)
                  0x000916                  __Geterrno
 .libc.fputc      0x000922         0x4c /Applications/microchip/xc16/v1.32/bin/bin/../../lib/liblega-c-elf.a(fputc.XX_elo)
                  0x000922                  _fputc
 .libc.prout      0x00096e          0xe /Applications/microchip/xc16/v1.32/bin/bin/../../lib/liblega-c-elf.a(sprintf_cdnopuxX.XXeo)
                  0x00096e                  sprintf_cdnopuxX.XXeo:_prout
 .libc._sprintf_cdnopuxX
                  0x00097c         0x1e /Applications/microchip/xc16/v1.32/bin/bin/../../lib/liblega-c-elf.a(sprintf_cdnopuxX.XXeo)
                  0x00097c                  __sprintf_cdnopuxX
 .libc.prout      0x00099a         0x1c /Applications/microchip/xc16/v1.32/bin/bin/../../lib/liblega-c-elf.a(printf_s.XXeo)
                  0x00099a                  printf_s.XXeo:_prout
 .libc._printf_s
                  0x0009b6         0x10 /Applications/microchip/xc16/v1.32/bin/bin/../../lib/liblega-c-elf.a(printf_s.XXeo)
                  0x0009b6                  __printf_0
                  0x0009b6                  __printf_s
 .libc._DNKfflush
                  0x0009c6         0x76 /Applications/microchip/xc16/v1.32/bin/bin/../../lib/liblega-c-elf.a(fflush.XX_eo)
                  0x0009c6                  __DNKfflush
 .libc.fputs      0x000a3c         0x90 /Applications/microchip/xc16/v1.32/bin/bin/../../lib/liblega-c-elf.a(fputs.XX_eo)
                  0x000a3c                  _fputs
 .libc.fwrite     0x000acc         0xa8 /Applications/microchip/xc16/v1.32/bin/bin/../../lib/liblega-c-elf.a(fwrite.XX_eo)
                  0x000acc                  _fwrite
 .libc.memchr     0x000b74         0x14 /Applications/microchip/xc16/v1.32/bin/bin/../../lib/liblega-c-elf.a(memchr.XX_eo)
                  0x000b74                  _memchr
 .libc.strchr     0x000b88         0x18 /Applications/microchip/xc16/v1.32/bin/bin/../../lib/liblega-c-elf.a(strchr.XX_eo)
                  0x000b88                  _strchr
 .libc.strlen     0x000ba0          0xc /Applications/microchip/xc16/v1.32/bin/bin/../../lib/liblega-c-elf.a(strlen.XX_eo)
                  0x000ba0                  _strlen
 .libc.strrchr    0x000bac         0x14 /Applications/microchip/xc16/v1.32/bin/bin/../../lib/liblega-c-elf.a(strrchr.XX_eo)
                  0x000bac                  _strrchr
 .libc._Fwprep    0x000bc0         0x8e /Applications/microchip/xc16/v1.32/bin/bin/../../lib/liblega-c-elf.a(xfwprep.XX_eo)
                  0x000bc0                  __Fwprep
 .libc._Litob     0x000c4e        0x25e /Applications/microchip/xc16/v1.32/bin/bin/../../lib/liblega-c-elf.a(xlitob.XX_eo)
                  0x000c4e                  __Litob
 .libc._Puttxt    0x000eac        0x178 /Applications/microchip/xc16/v1.32/bin/bin/../../lib/liblega-c-elf.a(xputtxt.XX_eo)
                  0x000eac                  __Puttxt
 .libc._Vacopy    0x001024          0x4 /Applications/microchip/xc16/v1.32/bin/bin/../../lib/liblega-c-elf.a(xvacopy.XX_eo)
                  0x001024                  __Vacopy
 .libc.closeallreg
                  0x001028          0x4 /Applications/microchip/xc16/v1.32/bin/bin/../../lib/liblega-c-elf.a(fclose.XX_elo)
 .libc._Closreg
                  0x00102c         0x12 /Applications/microchip/xc16/v1.32/bin/bin/../../lib/liblega-c-elf.a(fclose.XX_elo)
                  0x00102c                  __Closreg
 .libc.fclose     0x00103e         0x90 /Applications/microchip/xc16/v1.32/bin/bin/../../lib/liblega-c-elf.a(fclose.XX_elo)
                  0x00103e                  _fclose
 .libc.closeall
                  0x0010ce         0x20 /Applications/microchip/xc16/v1.32/bin/bin/../../lib/liblega-c-elf.a(fclose.XX_elo)
                  0x0010ce                  fclose.XX_elo:_closeall
 .libc._Atexit    0x0010ee         0x18 /Applications/microchip/xc16/v1.32/bin/bin/../../lib/liblega-c-elf.a(xatexit.XX_elo)
                  0x0010ee                  __Atexit
 .libc.doclose    0x001106          0x4 /Applications/microchip/xc16/v1.32/bin/bin/../../lib/liblega-pic30-elf.a(close.Leo)
 .libc.doremove
                  0x00110a          0x4 /Applications/microchip/xc16/v1.32/bin/bin/../../lib/liblega-pic30-elf.a(remove.Leo)
 .libm.divsi3     0x00110e         0x1e /Applications/microchip/xc16/v1.32/bin/bin/../../lib/libm-elf.a(divsi3.eo)
                  0x00110e                  ___divsi3
 .libm.umodsi3    0x00112c          0x6 /Applications/microchip/xc16/v1.32/bin/bin/../../lib/libm-elf.a(umodsi3.eo)
                  0x00112c                  ___umodsi3
 .libm.mulsi3     0x001132          0xc /Applications/microchip/xc16/v1.32/bin/bin/../../lib/libm-elf.a(mulsi3.eo)
                  0x001132                  ___mulp32eds3
                  0x001132                  ___mulp32peds3
                  0x001132                  ___mulsi3
 .libm.__PplusBdi
                  0x00113e         0x26 /Applications/microchip/xc16/v1.32/bin/bin/../../lib/libm-elf.a(divmoddi3.eo)
 .libm.__PminusBdi
                  0x001164         0x26 /Applications/microchip/xc16/v1.32/bin/bin/../../lib/libm-elf.a(divmoddi3.eo)
 .libm.__udivmoddi3
                  0x00118a         0xe6 /Applications/microchip/xc16/v1.32/bin/bin/../../lib/libm-elf.a(divmoddi3.eo)
                  0x00118a                  ___udivmoddi3
 .libm.__udivdi3
                  0x001270          0xe /Applications/microchip/xc16/v1.32/bin/bin/../../lib/libm-elf.a(divmoddi3.eo)
                  0x001270                  ___udivdi3
 .libm.__umoddi3
                  0x00127e          0x8 /Applications/microchip/xc16/v1.32/bin/bin/../../lib/libm-elf.a(divmoddi3.eo)
                  0x00127e                  ___umoddi3
 .libm.__divdi3
                  0x001286         0x60 /Applications/microchip/xc16/v1.32/bin/bin/../../lib/libm-elf.a(divmoddi3.eo)
                  0x001286                  ___divdi3
 .libm.__moddi3
                  0x0012e6         0x5c /Applications/microchip/xc16/v1.32/bin/bin/../../lib/libm-elf.a(divmoddi3.eo)
                  0x0012e6                  ___moddi3
 .libc.__Printf_cdnopsuxX
                  0x001342        0x164 /Applications/microchip/xc16/v1.32/bin/bin/../../lib/liblega-c-elf.a(xprintf_cdnopsuxX.XXeo)
                  0x001342                  ___Printf_cdnopsuxX
                  0x001342                  ___Printf_s
                  0x001342                  ___Printf_cdnopuxX
 .libc.__Putfld_cdnopsuxX
                  0x0014a6        0x256 /Applications/microchip/xc16/v1.32/bin/bin/../../lib/liblega-c-elf.a(xputfld_cdnopsuxX.XXeo)
                  0x0014a6                  ___Putfld_s
                  0x0014a6                  ___Putfld_cdnopuxX
                  0x0014a6                  ___Putfld_cdnopsuxX

usercode
 *(usercode)

__CONFIG4
 *(__CONFIG4.sec*)

__CONFIG3
 *(__CONFIG3.sec*)

__CONFIG2
 *(__CONFIG2.sec*)

__CONFIG1
 *(__CONFIG1.sec*)

.comment          0x000000         0x5e
 *(.comment)
 .comment         0x000000         0x5e /Applications/microchip/xc16/v1.32/bin/bin/../../lib/liblega-c-elf.a(xfiles.XX_eo)

.debug_info       0x000000       0x7388
 *(.debug_info)
 .debug_info      0x000000        0x945 build/default/production/mcc_generated_files/spi1.o
 .debug_info      0x000945        0xa7a build/default/production/mcc_generated_files/oc1.o
 .debug_info      0x0013bf        0x8b8 build/default/production/mcc_generated_files/adc1.o
 .debug_info      0x001c77        0xa7a build/default/production/mcc_generated_files/oc2.o
 .debug_info      0x0026f1         0xde build/default/production/mcc_generated_files/interrupt_manager.o
 .debug_info      0x0027cf        0x37d build/default/production/mcc_generated_files/traps.o
 .debug_info      0x002b4c        0x703 build/default/production/mcc_generated_files/uart1.o
 .debug_info      0x00324f        0x1f7 build/default/production/mcc_generated_files/mcc.o
 .debug_info      0x003446        0xbb2 build/default/production/mcc_generated_files/pin_manager.o
 .debug_info      0x003ff8        0x632 build/default/production/mcc_generated_files/tmr1.o
 .debug_info      0x00462a        0x630 build/default/production/mcc_generated_files/tmr2.o
 .debug_info      0x004c5a       0x272e build/default/production/main.o
 *(.gnu.linkonce.wi.*)

.debug_abbrev     0x000000        0xedd
 *(.debug_abbrev)
 .debug_abbrev    0x000000        0x183 build/default/production/mcc_generated_files/spi1.o
 .debug_abbrev    0x000183        0x184 build/default/production/mcc_generated_files/oc1.o
 .debug_abbrev    0x000307        0x19a build/default/production/mcc_generated_files/adc1.o
 .debug_abbrev    0x0004a1        0x184 build/default/production/mcc_generated_files/oc2.o
 .debug_abbrev    0x000625         0x34 build/default/production/mcc_generated_files/interrupt_manager.o
 .debug_abbrev    0x000659        0x100 build/default/production/mcc_generated_files/traps.o
 .debug_abbrev    0x000759        0x147 build/default/production/mcc_generated_files/uart1.o
 .debug_abbrev    0x0008a0         0x59 build/default/production/mcc_generated_files/mcc.o
 .debug_abbrev    0x0008f9         0xc9 build/default/production/mcc_generated_files/pin_manager.o
 .debug_abbrev    0x0009c2        0x16e build/default/production/mcc_generated_files/tmr1.o
 .debug_abbrev    0x000b30        0x16e build/default/production/mcc_generated_files/tmr2.o
 .debug_abbrev    0x000c9e        0x23f build/default/production/main.o

.debug_line       0x000000        0xf16
 *(.debug_line)
 .debug_line      0x000000        0x167 build/default/production/mcc_generated_files/spi1.o
 .debug_line      0x000167        0x146 build/default/production/mcc_generated_files/oc1.o
 .debug_line      0x0002ad        0x115 build/default/production/mcc_generated_files/adc1.o
 .debug_line      0x0003c2        0x146 build/default/production/mcc_generated_files/oc2.o
 .debug_line      0x000508         0x55 build/default/production/mcc_generated_files/interrupt_manager.o
 .debug_line      0x00055d        0x118 build/default/production/mcc_generated_files/traps.o
 .debug_line      0x000675        0x11d build/default/production/mcc_generated_files/uart1.o
 .debug_line      0x000792         0xf8 build/default/production/mcc_generated_files/mcc.o
 .debug_line      0x00088a         0xba build/default/production/mcc_generated_files/pin_manager.o
 .debug_line      0x000944        0x115 build/default/production/mcc_generated_files/tmr1.o
 .debug_line      0x000a59        0x115 build/default/production/mcc_generated_files/tmr2.o
 .debug_line      0x000b6e        0x3a8 build/default/production/main.o

.debug_frame      0x000000        0xe3e
 *(.debug_frame)
 .debug_frame     0x000000         0xd8 build/default/production/mcc_generated_files/spi1.o
 .debug_frame     0x0000d8        0x1d4 build/default/production/mcc_generated_files/oc1.o
 .debug_frame     0x0002ac         0xf4 build/default/production/mcc_generated_files/adc1.o
 .debug_frame     0x0003a0        0x1d4 build/default/production/mcc_generated_files/oc2.o
 .debug_frame     0x000574         0x30 build/default/production/mcc_generated_files/interrupt_manager.o
 .debug_frame     0x0005a4         0x80 build/default/production/mcc_generated_files/traps.o
 .debug_frame     0x000624         0xa0 build/default/production/mcc_generated_files/uart1.o
 .debug_frame     0x0006c4         0x4c build/default/production/mcc_generated_files/mcc.o
 .debug_frame     0x000710         0x30 build/default/production/mcc_generated_files/pin_manager.o
 .debug_frame     0x000740        0x148 build/default/production/mcc_generated_files/tmr1.o
 .debug_frame     0x000888        0x148 build/default/production/mcc_generated_files/tmr2.o
 .debug_frame     0x0009d0        0x46e build/default/production/main.o

.debug_str        0x000000        0x272
 *(.debug_str)
 .debug_str       0x000000         0x5a build/default/production/mcc_generated_files/spi1.o
 .debug_str       0x00005a         0x38 build/default/production/mcc_generated_files/oc1.o
 .debug_str       0x000092         0x2a build/default/production/mcc_generated_files/adc1.o
 .debug_str       0x0000bc         0x38 build/default/production/mcc_generated_files/oc2.o
 .debug_str       0x0000f4          0xc build/default/production/mcc_generated_files/traps.o
 .debug_str       0x000100         0x15 build/default/production/mcc_generated_files/uart1.o
 .debug_str       0x000115         0x4a build/default/production/mcc_generated_files/pin_manager.o
 .debug_str       0x00015f         0x13 build/default/production/mcc_generated_files/tmr1.o
 .debug_str       0x000172         0x13 build/default/production/mcc_generated_files/tmr2.o
 .debug_str       0x000185         0xed build/default/production/main.o

.debug_loc
 *(.debug_loc)

.debug_macinfo
 *(.debug_macinfo)

.debug_pubnames
                  0x000000        0xaf3
 *(.debug_pubnames)
 .debug_pubnames
                  0x000000         0xae build/default/production/mcc_generated_files/spi1.o
 .debug_pubnames
                  0x0000ae        0x192 build/default/production/mcc_generated_files/oc1.o
 .debug_pubnames
                  0x000240         0xc7 build/default/production/mcc_generated_files/adc1.o
 .debug_pubnames
                  0x000307        0x192 build/default/production/mcc_generated_files/oc2.o
 .debug_pubnames
                  0x000499         0x2b build/default/production/mcc_generated_files/interrupt_manager.o
 .debug_pubnames
                  0x0004c4         0x6f build/default/production/mcc_generated_files/traps.o
 .debug_pubnames
                  0x000533         0x64 build/default/production/mcc_generated_files/uart1.o
 .debug_pubnames
                  0x000597         0x42 build/default/production/mcc_generated_files/mcc.o
 .debug_pubnames
                  0x0005d9         0x2d build/default/production/mcc_generated_files/pin_manager.o
 .debug_pubnames
                  0x000606        0x11a build/default/production/mcc_generated_files/tmr1.o
 .debug_pubnames
                  0x000720        0x11a build/default/production/mcc_generated_files/tmr2.o
 .debug_pubnames
                  0x00083a        0x2b9 build/default/production/main.o

.debug_ranges
 *(.debug_ranges)

.debug_aranges    0x000000        0x128
 *(.debug_aranges)
 .debug_aranges
                  0x000000         0x18 build/default/production/mcc_generated_files/spi1.o
 .debug_aranges
                  0x000018         0x18 build/default/production/mcc_generated_files/oc1.o
 .debug_aranges
                  0x000030         0x18 build/default/production/mcc_generated_files/adc1.o
 .debug_aranges
                  0x000048         0x18 build/default/production/mcc_generated_files/oc2.o
 .debug_aranges
                  0x000060         0x18 build/default/production/mcc_generated_files/interrupt_manager.o
 .debug_aranges
                  0x000078         0x18 build/default/production/mcc_generated_files/traps.o
 .debug_aranges
                  0x000090         0x20 build/default/production/mcc_generated_files/uart1.o
 .debug_aranges
                  0x0000b0         0x18 build/default/production/mcc_generated_files/mcc.o
 .debug_aranges
                  0x0000c8         0x18 build/default/production/mcc_generated_files/pin_manager.o
 .debug_aranges
                  0x0000e0         0x18 build/default/production/mcc_generated_files/tmr1.o
 .debug_aranges
                  0x0000f8         0x18 build/default/production/mcc_generated_files/tmr2.o
 .debug_aranges
                  0x000110         0x18 build/default/production/main.o
                    0x0000                  WREG0 = 0x0
                    0x0000                  _WREG0 = 0x0
                    0x0002                  WREG1 = 0x2
                    0x0002                  _WREG1 = 0x2
                    0x0004                  WREG2 = 0x4
                    0x0004                  _WREG2 = 0x4
                    0x0006                  WREG3 = 0x6
                    0x0006                  _WREG3 = 0x6
                    0x0008                  WREG4 = 0x8
                    0x0008                  _WREG4 = 0x8
                    0x000a                  WREG5 = 0xa
                    0x000a                  _WREG5 = 0xa
                    0x000c                  WREG6 = 0xc
                    0x000c                  _WREG6 = 0xc
                    0x000e                  WREG7 = 0xe
                    0x000e                  _WREG7 = 0xe
                    0x0010                  WREG8 = 0x10
                    0x0010                  _WREG8 = 0x10
                    0x0012                  WREG9 = 0x12
                    0x0012                  _WREG9 = 0x12
                    0x0014                  WREG10 = 0x14
                    0x0014                  _WREG10 = 0x14
                    0x0016                  WREG11 = 0x16
                    0x0016                  _WREG11 = 0x16
                    0x0018                  WREG12 = 0x18
                    0x0018                  _WREG12 = 0x18
                    0x001a                  WREG13 = 0x1a
                    0x001a                  _WREG13 = 0x1a
                    0x001c                  WREG14 = 0x1c
                    0x001c                  _WREG14 = 0x1c
                    0x001e                  WREG15 = 0x1e
                    0x001e                  _WREG15 = 0x1e
                    0x0020                  SPLIM = 0x20
                    0x0020                  _SPLIM = 0x20
                    0x002e                  PCL = 0x2e
                    0x002e                  _PCL = 0x2e
                    0x0030                  PCH = 0x30
                    0x0030                  _PCH = 0x30
                    0x0032                  TBLPAG = 0x32
                    0x0032                  _TBLPAG = 0x32
                    0x0034                  PSVPAG = 0x34
                    0x0034                  _PSVPAG = 0x34
                    0x0036                  RCOUNT = 0x36
                    0x0036                  _RCOUNT = 0x36
                    0x0042                  SR = 0x42
                    0x0042                  _SR = 0x42
                    0x0042                  _SRbits = 0x42
                    0x0044                  CORCON = 0x44
                    0x0044                  _CORCON = 0x44
                    0x0044                  _CORCONbits = 0x44
                    0x0052                  DISICNT = 0x52
                    0x0052                  _DISICNT = 0x52
                    0x0060                  CNEN1 = 0x60
                    0x0060                  _CNEN1 = 0x60
                    0x0060                  _CNEN1bits = 0x60
                    0x0062                  CNEN2 = 0x62
                    0x0062                  _CNEN2 = 0x62
                    0x0062                  _CNEN2bits = 0x62
                    0x0068                  CNPU1 = 0x68
                    0x0068                  _CNPU1 = 0x68
                    0x0068                  _CNPU1bits = 0x68
                    0x006a                  CNPU2 = 0x6a
                    0x006a                  _CNPU2 = 0x6a
                    0x006a                  _CNPU2bits = 0x6a
                    0x0080                  INTCON1 = 0x80
                    0x0080                  _INTCON1 = 0x80
                    0x0080                  _INTCON1bits = 0x80
                    0x0082                  INTCON2 = 0x82
                    0x0082                  _INTCON2 = 0x82
                    0x0082                  _INTCON2bits = 0x82
                    0x0084                  IFS0 = 0x84
                    0x0084                  _IFS0 = 0x84
                    0x0084                  _IFS0bits = 0x84
                    0x0086                  IFS1 = 0x86
                    0x0086                  _IFS1 = 0x86
                    0x0086                  _IFS1bits = 0x86
                    0x0088                  IFS2 = 0x88
                    0x0088                  _IFS2 = 0x88
                    0x0088                  _IFS2bits = 0x88
                    0x008a                  IFS3 = 0x8a
                    0x008a                  _IFS3 = 0x8a
                    0x008a                  _IFS3bits = 0x8a
                    0x008c                  IFS4 = 0x8c
                    0x008c                  _IFS4 = 0x8c
                    0x008c                  _IFS4bits = 0x8c
                    0x008e                  IFS5 = 0x8e
                    0x008e                  _IFS5 = 0x8e
                    0x008e                  _IFS5bits = 0x8e
                    0x0094                  IEC0 = 0x94
                    0x0094                  _IEC0 = 0x94
                    0x0094                  _IEC0bits = 0x94
                    0x0096                  IEC1 = 0x96
                    0x0096                  _IEC1 = 0x96
                    0x0096                  _IEC1bits = 0x96
                    0x0098                  IEC2 = 0x98
                    0x0098                  _IEC2 = 0x98
                    0x0098                  _IEC2bits = 0x98
                    0x009a                  IEC3 = 0x9a
                    0x009a                  _IEC3 = 0x9a
                    0x009a                  _IEC3bits = 0x9a
                    0x009c                  IEC4 = 0x9c
                    0x009c                  _IEC4 = 0x9c
                    0x009c                  _IEC4bits = 0x9c
                    0x009e                  IEC5 = 0x9e
                    0x009e                  _IEC5 = 0x9e
                    0x009e                  _IEC5bits = 0x9e
                    0x00a4                  IPC0 = 0xa4
                    0x00a4                  _IPC0 = 0xa4
                    0x00a4                  _IPC0bits = 0xa4
                    0x00a6                  IPC1 = 0xa6
                    0x00a6                  _IPC1 = 0xa6
                    0x00a6                  _IPC1bits = 0xa6
                    0x00a8                  IPC2 = 0xa8
                    0x00a8                  _IPC2 = 0xa8
                    0x00a8                  _IPC2bits = 0xa8
                    0x00aa                  IPC3 = 0xaa
                    0x00aa                  _IPC3 = 0xaa
                    0x00aa                  _IPC3bits = 0xaa
                    0x00ac                  IPC4 = 0xac
                    0x00ac                  _IPC4 = 0xac
                    0x00ac                  _IPC4bits = 0xac
                    0x00ae                  IPC5 = 0xae
                    0x00ae                  _IPC5 = 0xae
                    0x00ae                  _IPC5bits = 0xae
                    0x00b0                  IPC6 = 0xb0
                    0x00b0                  _IPC6 = 0xb0
                    0x00b0                  _IPC6bits = 0xb0
                    0x00b2                  IPC7 = 0xb2
                    0x00b2                  _IPC7 = 0xb2
                    0x00b2                  _IPC7bits = 0xb2
                    0x00b4                  IPC8 = 0xb4
                    0x00b4                  _IPC8 = 0xb4
                    0x00b4                  _IPC8bits = 0xb4
                    0x00b6                  IPC9 = 0xb6
                    0x00b6                  _IPC9 = 0xb6
                    0x00b6                  _IPC9bits = 0xb6
                    0x00b8                  IPC10 = 0xb8
                    0x00b8                  _IPC10 = 0xb8
                    0x00b8                  _IPC10bits = 0xb8
                    0x00ba                  IPC11 = 0xba
                    0x00ba                  _IPC11 = 0xba
                    0x00ba                  _IPC11bits = 0xba
                    0x00bc                  IPC12 = 0xbc
                    0x00bc                  _IPC12 = 0xbc
                    0x00bc                  _IPC12bits = 0xbc
                    0x00c2                  IPC15 = 0xc2
                    0x00c2                  _IPC15 = 0xc2
                    0x00c2                  _IPC15bits = 0xc2
                    0x00c4                  IPC16 = 0xc4
                    0x00c4                  _IPC16 = 0xc4
                    0x00c4                  _IPC16bits = 0xc4
                    0x00c8                  IPC18 = 0xc8
                    0x00c8                  _IPC18 = 0xc8
                    0x00c8                  _IPC18bits = 0xc8
                    0x00ca                  IPC19 = 0xca
                    0x00ca                  _IPC19 = 0xca
                    0x00ca                  _IPC19bits = 0xca
                    0x00ce                  IPC21 = 0xce
                    0x00ce                  _IPC21 = 0xce
                    0x00ce                  _IPC21bits = 0xce
                    0x00e0                  INTTREG = 0xe0
                    0x00e0                  _INTTREG = 0xe0
                    0x00e0                  _INTTREGbits = 0xe0
                    0x0100                  TMR1 = 0x100
                    0x0100                  _TMR1 = 0x100
                    0x0102                  PR1 = 0x102
                    0x0102                  _PR1 = 0x102
                    0x0104                  T1CON = 0x104
                    0x0104                  _T1CON = 0x104
                    0x0104                  _T1CONbits = 0x104
                    0x0106                  TMR2 = 0x106
                    0x0106                  _TMR2 = 0x106
                    0x0108                  TMR3HLD = 0x108
                    0x0108                  _TMR3HLD = 0x108
                    0x010a                  TMR3 = 0x10a
                    0x010a                  _TMR3 = 0x10a
                    0x010c                  PR2 = 0x10c
                    0x010c                  _PR2 = 0x10c
                    0x010e                  PR3 = 0x10e
                    0x010e                  _PR3 = 0x10e
                    0x0110                  T2CON = 0x110
                    0x0110                  _T2CON = 0x110
                    0x0110                  _T2CONbits = 0x110
                    0x0112                  T3CON = 0x112
                    0x0112                  _T3CON = 0x112
                    0x0112                  _T3CONbits = 0x112
                    0x0114                  TMR4 = 0x114
                    0x0114                  _TMR4 = 0x114
                    0x0116                  TMR5HLD = 0x116
                    0x0116                  _TMR5HLD = 0x116
                    0x0118                  TMR5 = 0x118
                    0x0118                  _TMR5 = 0x118
                    0x011a                  PR4 = 0x11a
                    0x011a                  _PR4 = 0x11a
                    0x011c                  PR5 = 0x11c
                    0x011c                  _PR5 = 0x11c
                    0x011e                  T4CON = 0x11e
                    0x011e                  _T4CON = 0x11e
                    0x011e                  _T4CONbits = 0x11e
                    0x0120                  T5CON = 0x120
                    0x0120                  _T5CON = 0x120
                    0x0120                  _T5CONbits = 0x120
                    0x0140                  IC1CON1 = 0x140
                    0x0140                  _IC1CON1 = 0x140
                    0x0140                  _IC1CON1bits = 0x140
                    0x0142                  IC1CON2 = 0x142
                    0x0142                  _IC1CON2 = 0x142
                    0x0142                  _IC1CON2bits = 0x142
                    0x0144                  IC1BUF = 0x144
                    0x0144                  _IC1BUF = 0x144
                    0x0146                  IC1TMR = 0x146
                    0x0146                  _IC1TMR = 0x146
                    0x0148                  IC2CON1 = 0x148
                    0x0148                  _IC2CON1 = 0x148
                    0x0148                  _IC2CON1bits = 0x148
                    0x014a                  IC2CON2 = 0x14a
                    0x014a                  _IC2CON2 = 0x14a
                    0x014a                  _IC2CON2bits = 0x14a
                    0x014c                  IC2BUF = 0x14c
                    0x014c                  _IC2BUF = 0x14c
                    0x014e                  IC2TMR = 0x14e
                    0x014e                  _IC2TMR = 0x14e
                    0x0150                  IC3CON1 = 0x150
                    0x0150                  _IC3CON1 = 0x150
                    0x0150                  _IC3CON1bits = 0x150
                    0x0152                  IC3CON2 = 0x152
                    0x0152                  _IC3CON2 = 0x152
                    0x0152                  _IC3CON2bits = 0x152
                    0x0154                  IC3BUF = 0x154
                    0x0154                  _IC3BUF = 0x154
                    0x0156                  IC3TMR = 0x156
                    0x0156                  _IC3TMR = 0x156
                    0x0158                  IC4CON1 = 0x158
                    0x0158                  _IC4CON1 = 0x158
                    0x0158                  _IC4CON1bits = 0x158
                    0x015a                  IC4CON2 = 0x15a
                    0x015a                  _IC4CON2 = 0x15a
                    0x015a                  _IC4CON2bits = 0x15a
                    0x015c                  IC4BUF = 0x15c
                    0x015c                  _IC4BUF = 0x15c
                    0x015e                  IC4TMR = 0x15e
                    0x015e                  _IC4TMR = 0x15e
                    0x0160                  IC5CON1 = 0x160
                    0x0160                  _IC5CON1 = 0x160
                    0x0160                  _IC5CON1bits = 0x160
                    0x0162                  IC5CON2 = 0x162
                    0x0162                  _IC5CON2 = 0x162
                    0x0162                  _IC5CON2bits = 0x162
                    0x0164                  IC5BUF = 0x164
                    0x0164                  _IC5BUF = 0x164
                    0x0166                  IC5TMR = 0x166
                    0x0166                  _IC5TMR = 0x166
                    0x0190                  OC1CON1 = 0x190
                    0x0190                  _OC1CON1 = 0x190
                    0x0190                  _OC1CON1bits = 0x190
                    0x0192                  OC1CON2 = 0x192
                    0x0192                  _OC1CON2 = 0x192
                    0x0192                  _OC1CON2bits = 0x192
                    0x0194                  OC1RS = 0x194
                    0x0194                  _OC1RS = 0x194
                    0x0196                  OC1R = 0x196
                    0x0196                  _OC1R = 0x196
                    0x0198                  OC1TMR = 0x198
                    0x0198                  _OC1TMR = 0x198
                    0x019a                  OC2CON1 = 0x19a
                    0x019a                  _OC2CON1 = 0x19a
                    0x019a                  _OC2CON1bits = 0x19a
                    0x019c                  OC2CON2 = 0x19c
                    0x019c                  _OC2CON2 = 0x19c
                    0x019c                  _OC2CON2bits = 0x19c
                    0x019e                  OC2RS = 0x19e
                    0x019e                  _OC2RS = 0x19e
                    0x01a0                  OC2R = 0x1a0
                    0x01a0                  _OC2R = 0x1a0
                    0x01a2                  OC2TMR = 0x1a2
                    0x01a2                  _OC2TMR = 0x1a2
                    0x01a4                  OC3CON1 = 0x1a4
                    0x01a4                  _OC3CON1 = 0x1a4
                    0x01a4                  _OC3CON1bits = 0x1a4
                    0x01a6                  OC3CON2 = 0x1a6
                    0x01a6                  _OC3CON2 = 0x1a6
                    0x01a6                  _OC3CON2bits = 0x1a6
                    0x01a8                  OC3RS = 0x1a8
                    0x01a8                  _OC3RS = 0x1a8
                    0x01aa                  OC3R = 0x1aa
                    0x01aa                  _OC3R = 0x1aa
                    0x01ac                  OC3TMR = 0x1ac
                    0x01ac                  _OC3TMR = 0x1ac
                    0x01ae                  OC4CON1 = 0x1ae
                    0x01ae                  _OC4CON1 = 0x1ae
                    0x01ae                  _OC4CON1bits = 0x1ae
                    0x01b0                  OC4CON2 = 0x1b0
                    0x01b0                  _OC4CON2 = 0x1b0
                    0x01b0                  _OC4CON2bits = 0x1b0
                    0x01b2                  OC4RS = 0x1b2
                    0x01b2                  _OC4RS = 0x1b2
                    0x01b4                  OC4R = 0x1b4
                    0x01b4                  _OC4R = 0x1b4
                    0x01b6                  OC4TMR = 0x1b6
                    0x01b6                  _OC4TMR = 0x1b6
                    0x01b8                  OC5CON1 = 0x1b8
                    0x01b8                  _OC5CON1 = 0x1b8
                    0x01b8                  _OC5CON1bits = 0x1b8
                    0x01ba                  OC5CON2 = 0x1ba
                    0x01ba                  _OC5CON2 = 0x1ba
                    0x01ba                  _OC5CON2bits = 0x1ba
                    0x01bc                  OC5RS = 0x1bc
                    0x01bc                  _OC5RS = 0x1bc
                    0x01be                  OC5R = 0x1be
                    0x01be                  _OC5R = 0x1be
                    0x01c0                  OC5TMR = 0x1c0
                    0x01c0                  _OC5TMR = 0x1c0
                    0x0200                  I2C1RCV = 0x200
                    0x0200                  _I2C1RCV = 0x200
                    0x0202                  I2C1TRN = 0x202
                    0x0202                  _I2C1TRN = 0x202
                    0x0204                  I2C1BRG = 0x204
                    0x0204                  _I2C1BRG = 0x204
                    0x0206                  I2C1CON = 0x206
                    0x0206                  _I2C1CON = 0x206
                    0x0206                  _I2C1CONbits = 0x206
                    0x0208                  I2C1STAT = 0x208
                    0x0208                  _I2C1STAT = 0x208
                    0x0208                  _I2C1STATbits = 0x208
                    0x020a                  I2C1ADD = 0x20a
                    0x020a                  _I2C1ADD = 0x20a
                    0x020c                  I2C1MSK = 0x20c
                    0x020c                  _I2C1MSK = 0x20c
                    0x0210                  I2C2RCV = 0x210
                    0x0210                  _I2C2RCV = 0x210
                    0x0212                  I2C2TRN = 0x212
                    0x0212                  _I2C2TRN = 0x212
                    0x0214                  I2C2BRG = 0x214
                    0x0214                  _I2C2BRG = 0x214
                    0x0216                  I2C2CON = 0x216
                    0x0216                  _I2C2CON = 0x216
                    0x0216                  _I2C2CONbits = 0x216
                    0x0218                  I2C2STAT = 0x218
                    0x0218                  _I2C2STAT = 0x218
                    0x0218                  _I2C2STATbits = 0x218
                    0x021a                  I2C2ADD = 0x21a
                    0x021a                  _I2C2ADD = 0x21a
                    0x021c                  I2C2MSK = 0x21c
                    0x021c                  _I2C2MSK = 0x21c
                    0x0220                  U1MODE = 0x220
                    0x0220                  _U1MODE = 0x220
                    0x0220                  _U1MODEbits = 0x220
                    0x0222                  U1STA = 0x222
                    0x0222                  _U1STA = 0x222
                    0x0222                  _U1STAbits = 0x222
                    0x0224                  U1TXREG = 0x224
                    0x0224                  _U1TXREG = 0x224
                    0x0224                  _U1TXREGbits = 0x224
                    0x0226                  U1RXREG = 0x226
                    0x0226                  _U1RXREG = 0x226
                    0x0226                  _U1RXREGbits = 0x226
                    0x0228                  U1BRG = 0x228
                    0x0228                  _U1BRG = 0x228
                    0x0230                  U2MODE = 0x230
                    0x0230                  _U2MODE = 0x230
                    0x0230                  _U2MODEbits = 0x230
                    0x0232                  U2STA = 0x232
                    0x0232                  _U2STA = 0x232
                    0x0232                  _U2STAbits = 0x232
                    0x0234                  U2TXREG = 0x234
                    0x0234                  _U2TXREG = 0x234
                    0x0234                  _U2TXREGbits = 0x234
                    0x0236                  U2RXREG = 0x236
                    0x0236                  _U2RXREG = 0x236
                    0x0236                  _U2RXREGbits = 0x236
                    0x0238                  U2BRG = 0x238
                    0x0238                  _U2BRG = 0x238
                    0x0240                  SPI1STAT = 0x240
                    0x0240                  _SPI1STAT = 0x240
                    0x0240                  _SPI1STATbits = 0x240
                    0x0242                  SPI1CON1 = 0x242
                    0x0242                  _SPI1CON1 = 0x242
                    0x0242                  _SPI1CON1bits = 0x242
                    0x0244                  SPI1CON2 = 0x244
                    0x0244                  _SPI1CON2 = 0x244
                    0x0244                  _SPI1CON2bits = 0x244
                    0x0248                  SPI1BUF = 0x248
                    0x0248                  _SPI1BUF = 0x248
                    0x0260                  SPI2STAT = 0x260
                    0x0260                  _SPI2STAT = 0x260
                    0x0260                  _SPI2STATbits = 0x260
                    0x0262                  SPI2CON1 = 0x262
                    0x0262                  _SPI2CON1 = 0x262
                    0x0262                  _SPI2CON1bits = 0x262
                    0x0264                  SPI2CON2 = 0x264
                    0x0264                  _SPI2CON2 = 0x264
                    0x0264                  _SPI2CON2bits = 0x264
                    0x0268                  SPI2BUF = 0x268
                    0x0268                  _SPI2BUF = 0x268
                    0x02c0                  TRISA = 0x2c0
                    0x02c0                  _TRISA = 0x2c0
                    0x02c0                  _TRISAbits = 0x2c0
                    0x02c2                  PORTA = 0x2c2
                    0x02c2                  _PORTA = 0x2c2
                    0x02c2                  _PORTAbits = 0x2c2
                    0x02c4                  LATA = 0x2c4
                    0x02c4                  _LATA = 0x2c4
                    0x02c4                  _LATAbits = 0x2c4
                    0x02c6                  ODCA = 0x2c6
                    0x02c6                  _ODCA = 0x2c6
                    0x02c6                  _ODCAbits = 0x2c6
                    0x02c8                  TRISB = 0x2c8
                    0x02c8                  _TRISB = 0x2c8
                    0x02c8                  _TRISBbits = 0x2c8
                    0x02ca                  PORTB = 0x2ca
                    0x02ca                  _PORTB = 0x2ca
                    0x02ca                  _PORTBbits = 0x2ca
                    0x02cc                  LATB = 0x2cc
                    0x02cc                  _LATB = 0x2cc
                    0x02cc                  _LATBbits = 0x2cc
                    0x02ce                  ODCB = 0x2ce
                    0x02ce                  _ODCB = 0x2ce
                    0x02ce                  _ODCBbits = 0x2ce
                    0x02fc                  PADCFG1 = 0x2fc
                    0x02fc                  _PADCFG1 = 0x2fc
                    0x02fc                  _PADCFG1bits = 0x2fc
                    0x0300                  ADC1BUF0 = 0x300
                    0x0300                  _ADC1BUF0 = 0x300
                    0x0302                  ADC1BUF1 = 0x302
                    0x0302                  _ADC1BUF1 = 0x302
                    0x0304                  ADC1BUF2 = 0x304
                    0x0304                  _ADC1BUF2 = 0x304
                    0x0306                  ADC1BUF3 = 0x306
                    0x0306                  _ADC1BUF3 = 0x306
                    0x0308                  ADC1BUF4 = 0x308
                    0x0308                  _ADC1BUF4 = 0x308
                    0x030a                  ADC1BUF5 = 0x30a
                    0x030a                  _ADC1BUF5 = 0x30a
                    0x030c                  ADC1BUF6 = 0x30c
                    0x030c                  _ADC1BUF6 = 0x30c
                    0x030e                  ADC1BUF7 = 0x30e
                    0x030e                  _ADC1BUF7 = 0x30e
                    0x0310                  ADC1BUF8 = 0x310
                    0x0310                  _ADC1BUF8 = 0x310
                    0x0312                  ADC1BUF9 = 0x312
                    0x0312                  _ADC1BUF9 = 0x312
                    0x0314                  ADC1BUFA = 0x314
                    0x0314                  _ADC1BUFA = 0x314
                    0x0316                  ADC1BUFB = 0x316
                    0x0316                  _ADC1BUFB = 0x316
                    0x0318                  ADC1BUFC = 0x318
                    0x0318                  _ADC1BUFC = 0x318
                    0x031a                  ADC1BUFD = 0x31a
                    0x031a                  _ADC1BUFD = 0x31a
                    0x031c                  ADC1BUFE = 0x31c
                    0x031c                  _ADC1BUFE = 0x31c
                    0x031e                  ADC1BUFF = 0x31e
                    0x031e                  _ADC1BUFF = 0x31e
                    0x0320                  AD1CON1 = 0x320
                    0x0320                  _AD1CON1 = 0x320
                    0x0320                  _AD1CON1bits = 0x320
                    0x0322                  AD1CON2 = 0x322
                    0x0322                  _AD1CON2 = 0x322
                    0x0322                  _AD1CON2bits = 0x322
                    0x0324                  AD1CON3 = 0x324
                    0x0324                  _AD1CON3 = 0x324
                    0x0324                  _AD1CON3bits = 0x324
                    0x0328                  AD1CHS = 0x328
                    0x0328                  _AD1CHS = 0x328
                    0x0328                  _AD1CHSbits = 0x328
                    0x0328                  AD1CHS0 = 0x328
                    0x0328                  _AD1CHS0 = 0x328
                    0x0328                  _AD1CHS0bits = 0x328
                    0x032c                  AD1PCFG = 0x32c
                    0x032c                  _AD1PCFG = 0x32c
                    0x032c                  _AD1PCFGbits = 0x32c
                    0x032c                  AD1PCFGL = 0x32c
                    0x032c                  _AD1PCFGL = 0x32c
                    0x032c                  _AD1PCFGLbits = 0x32c
                    0x0330                  AD1CSSL = 0x330
                    0x0330                  _AD1CSSL = 0x330
                    0x0330                  _AD1CSSLbits = 0x330
                    0x033c                  CTMUCON = 0x33c
                    0x033c                  _CTMUCON = 0x33c
                    0x033c                  _CTMUCONbits = 0x33c
                    0x033e                  CTMUICON = 0x33e
                    0x033e                  _CTMUICON = 0x33e
                    0x033e                  _CTMUICONbits = 0x33e
                    0x0480                  U1OTGIR = 0x480
                    0x0480                  _U1OTGIR = 0x480
                    0x0480                  _U1OTGIRbits = 0x480
                    0x0482                  U1OTGIE = 0x482
                    0x0482                  _U1OTGIE = 0x482
                    0x0482                  _U1OTGIEbits = 0x482
                    0x0484                  U1OTGSTAT = 0x484
                    0x0484                  _U1OTGSTAT = 0x484
                    0x0484                  _U1OTGSTATbits = 0x484
                    0x0486                  U1OTGCON = 0x486
                    0x0486                  _U1OTGCON = 0x486
                    0x0486                  _U1OTGCONbits = 0x486
                    0x0488                  U1PWRC = 0x488
                    0x0488                  _U1PWRC = 0x488
                    0x0488                  _U1PWRCbits = 0x488
                    0x048a                  U1IR = 0x48a
                    0x048a                  _U1IR = 0x48a
                    0x048a                  _U1IRbits = 0x48a
                    0x048c                  U1IE = 0x48c
                    0x048c                  _U1IE = 0x48c
                    0x048c                  _U1IEbits = 0x48c
                    0x048e                  U1EIR = 0x48e
                    0x048e                  _U1EIR = 0x48e
                    0x048e                  _U1EIRbits = 0x48e
                    0x0490                  U1EIE = 0x490
                    0x0490                  _U1EIE = 0x490
                    0x0490                  _U1EIEbits = 0x490
                    0x0492                  U1STAT = 0x492
                    0x0492                  _U1STAT = 0x492
                    0x0492                  _U1STATbits = 0x492
                    0x0494                  U1CON = 0x494
                    0x0494                  _U1CON = 0x494
                    0x0494                  _U1CONbits = 0x494
                    0x0496                  U1ADDR = 0x496
                    0x0496                  _U1ADDR = 0x496
                    0x0496                  _U1ADDRbits = 0x496
                    0x0498                  U1BDTP1 = 0x498
                    0x0498                  _U1BDTP1 = 0x498
                    0x0498                  _U1BDTP1bits = 0x498
                    0x049a                  U1FRML = 0x49a
                    0x049a                  _U1FRML = 0x49a
                    0x049a                  _U1FRMLbits = 0x49a
                    0x049c                  U1FRMH = 0x49c
                    0x049c                  _U1FRMH = 0x49c
                    0x049c                  _U1FRMHbits = 0x49c
                    0x049e                  U1TOK = 0x49e
                    0x049e                  _U1TOK = 0x49e
                    0x049e                  _U1TOKbits = 0x49e
                    0x04a0                  U1SOF = 0x4a0
                    0x04a0                  _U1SOF = 0x4a0
                    0x04a0                  _U1SOFbits = 0x4a0
                    0x04a6                  U1CNFG1 = 0x4a6
                    0x04a6                  _U1CNFG1 = 0x4a6
                    0x04a6                  _U1CNFG1bits = 0x4a6
                    0x04a8                  U1CNFG2 = 0x4a8
                    0x04a8                  _U1CNFG2 = 0x4a8
                    0x04a8                  _U1CNFG2bits = 0x4a8
                    0x04aa                  U1EP0 = 0x4aa
                    0x04aa                  _U1EP0 = 0x4aa
                    0x04aa                  _U1EP0bits = 0x4aa
                    0x04ac                  U1EP1 = 0x4ac
                    0x04ac                  _U1EP1 = 0x4ac
                    0x04ac                  _U1EP1bits = 0x4ac
                    0x04ae                  U1EP2 = 0x4ae
                    0x04ae                  _U1EP2 = 0x4ae
                    0x04ae                  _U1EP2bits = 0x4ae
                    0x04b0                  U1EP3 = 0x4b0
                    0x04b0                  _U1EP3 = 0x4b0
                    0x04b0                  _U1EP3bits = 0x4b0
                    0x04b2                  U1EP4 = 0x4b2
                    0x04b2                  _U1EP4 = 0x4b2
                    0x04b2                  _U1EP4bits = 0x4b2
                    0x04b4                  U1EP5 = 0x4b4
                    0x04b4                  _U1EP5 = 0x4b4
                    0x04b4                  _U1EP5bits = 0x4b4
                    0x04b6                  U1EP6 = 0x4b6
                    0x04b6                  _U1EP6 = 0x4b6
                    0x04b6                  _U1EP6bits = 0x4b6
                    0x04b8                  U1EP7 = 0x4b8
                    0x04b8                  _U1EP7 = 0x4b8
                    0x04b8                  _U1EP7bits = 0x4b8
                    0x04ba                  U1EP8 = 0x4ba
                    0x04ba                  _U1EP8 = 0x4ba
                    0x04ba                  _U1EP8bits = 0x4ba
                    0x04bc                  U1EP9 = 0x4bc
                    0x04bc                  _U1EP9 = 0x4bc
                    0x04bc                  _U1EP9bits = 0x4bc
                    0x04be                  U1EP10 = 0x4be
                    0x04be                  _U1EP10 = 0x4be
                    0x04be                  _U1EP10bits = 0x4be
                    0x04c0                  U1EP11 = 0x4c0
                    0x04c0                  _U1EP11 = 0x4c0
                    0x04c0                  _U1EP11bits = 0x4c0
                    0x04c2                  U1EP12 = 0x4c2
                    0x04c2                  _U1EP12 = 0x4c2
                    0x04c2                  _U1EP12bits = 0x4c2
                    0x04c4                  U1EP13 = 0x4c4
                    0x04c4                  _U1EP13 = 0x4c4
                    0x04c4                  _U1EP13bits = 0x4c4
                    0x04c6                  U1EP14 = 0x4c6
                    0x04c6                  _U1EP14 = 0x4c6
                    0x04c6                  _U1EP14bits = 0x4c6
                    0x04c8                  U1EP15 = 0x4c8
                    0x04c8                  _U1EP15 = 0x4c8
                    0x04c8                  _U1EP15bits = 0x4c8
                    0x04cc                  U1PWMRRS = 0x4cc
                    0x04cc                  _U1PWMRRS = 0x4cc
                    0x04cc                  _U1PWMRRSbits = 0x4cc
                    0x04ce                  U1PWMCON = 0x4ce
                    0x04ce                  _U1PWMCON = 0x4ce
                    0x04ce                  _U1PWMCONbits = 0x4ce
                    0x0600                  PMCON = 0x600
                    0x0600                  _PMCON = 0x600
                    0x0600                  _PMCONbits = 0x600
                    0x0602                  PMMODE = 0x602
                    0x0602                  _PMMODE = 0x602
                    0x0602                  _PMMODEbits = 0x602
                    0x0604                  PMADDR = 0x604
                    0x0604                  _PMADDR = 0x604
                    0x0604                  _PMADDRbits = 0x604
                    0x0604                  PMDOUT1 = 0x604
                    0x0604                  _PMDOUT1 = 0x604
                    0x0604                  _PMDOUT1bits = 0x604
                    0x0606                  PMDOUT2 = 0x606
                    0x0606                  _PMDOUT2 = 0x606
                    0x0608                  PMDIN1 = 0x608
                    0x0608                  _PMDIN1 = 0x608
                    0x060a                  PMDIN2 = 0x60a
                    0x060a                  _PMDIN2 = 0x60a
                    0x060c                  PMAEN = 0x60c
                    0x060c                  _PMAEN = 0x60c
                    0x060c                  _PMAENbits = 0x60c
                    0x060e                  PMSTAT = 0x60e
                    0x060e                  _PMSTAT = 0x60e
                    0x060e                  _PMSTATbits = 0x60e
                    0x0620                  ALRMVAL = 0x620
                    0x0620                  _ALRMVAL = 0x620
                    0x0622                  ALCFGRPT = 0x622
                    0x0622                  _ALCFGRPT = 0x622
                    0x0622                  _ALCFGRPTbits = 0x622
                    0x0624                  RTCVAL = 0x624
                    0x0624                  _RTCVAL = 0x624
                    0x0626                  RCFGCAL = 0x626
                    0x0626                  _RCFGCAL = 0x626
                    0x0626                  _RCFGCALbits = 0x626
                    0x0640                  CRCCON = 0x640
                    0x0640                  _CRCCON = 0x640
                    0x0640                  _CRCCONbits = 0x640
                    0x0640                  CRCCON1 = 0x640
                    0x0640                  _CRCCON1 = 0x640
                    0x0640                  _CRCCON1bits = 0x640
                    0x0642                  CRCCON2 = 0x642
                    0x0642                  _CRCCON2 = 0x642
                    0x0642                  _CRCCON2bits = 0x642
                    0x0644                  CRCXOR = 0x644
                    0x0644                  _CRCXOR = 0x644
                    0x0644                  _CRCXORbits = 0x644
                    0x0644                  CRCXORL = 0x644
                    0x0644                  _CRCXORL = 0x644
                    0x0644                  _CRCXORLbits = 0x644
                    0x0646                  CRCXORH = 0x646
                    0x0646                  _CRCXORH = 0x646
                    0x0646                  _CRCXORHbits = 0x646
                    0x0648                  CRCDAT = 0x648
                    0x0648                  _CRCDAT = 0x648
                    0x0648                  CRCDAT32 = 0x648
                    0x0648                  _CRCDAT32 = 0x648
                    0x0648                  CRCDAT8 = 0x648
                    0x0648                  _CRCDAT8 = 0x648
                    0x0648                  CRCDATL = 0x648
                    0x0648                  _CRCDATL = 0x648
                    0x064a                  CRCDATH = 0x64a
                    0x064a                  _CRCDATH = 0x64a
                    0x064c                  CRCWDAT = 0x64c
                    0x064c                  _CRCWDAT = 0x64c
                    0x064c                  CRCWDATL = 0x64c
                    0x064c                  _CRCWDATL = 0x64c
                    0x064e                  CRCWDATH = 0x64e
                    0x064e                  _CRCWDATH = 0x64e
                    0x0650                  CMSTAT = 0x650
                    0x0650                  _CMSTAT = 0x650
                    0x0650                  _CMSTATbits = 0x650
                    0x0652                  CVRCON = 0x652
                    0x0652                  _CVRCON = 0x652
                    0x0652                  _CVRCONbits = 0x652
                    0x0654                  CM1CON = 0x654
                    0x0654                  _CM1CON = 0x654
                    0x0654                  _CM1CONbits = 0x654
                    0x065c                  CM2CON = 0x65c
                    0x065c                  _CM2CON = 0x65c
                    0x065c                  _CM2CONbits = 0x65c
                    0x0664                  CM3CON = 0x664
                    0x0664                  _CM3CON = 0x664
                    0x0664                  _CM3CONbits = 0x664
                    0x0680                  RPINR0 = 0x680
                    0x0680                  _RPINR0 = 0x680
                    0x0680                  _RPINR0bits = 0x680
                    0x0682                  RPINR1 = 0x682
                    0x0682                  _RPINR1 = 0x682
                    0x0682                  _RPINR1bits = 0x682
                    0x0686                  RPINR3 = 0x686
                    0x0686                  _RPINR3 = 0x686
                    0x0686                  _RPINR3bits = 0x686
                    0x0688                  RPINR4 = 0x688
                    0x0688                  _RPINR4 = 0x688
                    0x0688                  _RPINR4bits = 0x688
                    0x068e                  RPINR7 = 0x68e
                    0x068e                  _RPINR7 = 0x68e
                    0x068e                  _RPINR7bits = 0x68e
                    0x0690                  RPINR8 = 0x690
                    0x0690                  _RPINR8 = 0x690
                    0x0690                  _RPINR8bits = 0x690
                    0x0692                  RPINR9 = 0x692
                    0x0692                  _RPINR9 = 0x692
                    0x0692                  _RPINR9bits = 0x692
                    0x0696                  RPINR11 = 0x696
                    0x0696                  _RPINR11 = 0x696
                    0x0696                  _RPINR11bits = 0x696
                    0x06a4                  RPINR18 = 0x6a4
                    0x06a4                  _RPINR18 = 0x6a4
                    0x06a4                  _RPINR18bits = 0x6a4
                    0x06a6                  RPINR19 = 0x6a6
                    0x06a6                  _RPINR19 = 0x6a6
                    0x06a6                  _RPINR19bits = 0x6a6
                    0x06a8                  RPINR20 = 0x6a8
                    0x06a8                  _RPINR20 = 0x6a8
                    0x06a8                  _RPINR20bits = 0x6a8
                    0x06aa                  RPINR21 = 0x6aa
                    0x06aa                  _RPINR21 = 0x6aa
                    0x06aa                  _RPINR21bits = 0x6aa
                    0x06ac                  RPINR22 = 0x6ac
                    0x06ac                  _RPINR22 = 0x6ac
                    0x06ac                  _RPINR22bits = 0x6ac
                    0x06ae                  RPINR23 = 0x6ae
                    0x06ae                  _RPINR23 = 0x6ae
                    0x06ae                  _RPINR23bits = 0x6ae
                    0x06c0                  RPOR0 = 0x6c0
                    0x06c0                  _RPOR0 = 0x6c0
                    0x06c0                  _RPOR0bits = 0x6c0
                    0x06c2                  RPOR1 = 0x6c2
                    0x06c2                  _RPOR1 = 0x6c2
                    0x06c2                  _RPOR1bits = 0x6c2
                    0x06c4                  RPOR2 = 0x6c4
                    0x06c4                  _RPOR2 = 0x6c4
                    0x06c4                  _RPOR2bits = 0x6c4
                    0x06c6                  RPOR3 = 0x6c6
                    0x06c6                  _RPOR3 = 0x6c6
                    0x06c6                  _RPOR3bits = 0x6c6
                    0x06c8                  RPOR4 = 0x6c8
                    0x06c8                  _RPOR4 = 0x6c8
                    0x06c8                  _RPOR4bits = 0x6c8
                    0x06ca                  RPOR5 = 0x6ca
                    0x06ca                  _RPOR5 = 0x6ca
                    0x06ca                  _RPOR5bits = 0x6ca
                    0x06cc                  RPOR6 = 0x6cc
                    0x06cc                  _RPOR6 = 0x6cc
                    0x06cc                  _RPOR6bits = 0x6cc
                    0x06ce                  RPOR7 = 0x6ce
                    0x06ce                  _RPOR7 = 0x6ce
                    0x06ce                  _RPOR7bits = 0x6ce
                    0x0740                  RCON = 0x740
                    0x0740                  _RCON = 0x740
                    0x0740                  _RCONbits = 0x740
                    0x0742                  OSCCON = 0x742
                    0x0742                  _OSCCON = 0x742
                    0x0742                  _OSCCONbits = 0x742
                    0x0742                  OSCCONL = 0x742
                    0x0742                  _OSCCONL = 0x742
                    0x0743                  OSCCONH = 0x743
                    0x0743                  _OSCCONH = 0x743
                    0x0744                  CLKDIV = 0x744
                    0x0744                  _CLKDIV = 0x744
                    0x0744                  _CLKDIVbits = 0x744
                    0x0748                  OSCTUN = 0x748
                    0x0748                  _OSCTUN = 0x748
                    0x0748                  _OSCTUNbits = 0x748
                    0x074e                  REFOCON = 0x74e
                    0x074e                  _REFOCON = 0x74e
                    0x074e                  _REFOCONbits = 0x74e
                    0x0758                  DSCON = 0x758
                    0x0758                  _DSCON = 0x758
                    0x0758                  _DSCONbits = 0x758
                    0x075a                  DSWAKE = 0x75a
                    0x075a                  _DSWAKE = 0x75a
                    0x075a                  _DSWAKEbits = 0x75a
                    0x075c                  DSGPR0 = 0x75c
                    0x075c                  _DSGPR0 = 0x75c
                    0x075c                  _DSGPR0bits = 0x75c
                    0x075e                  DSGPR1 = 0x75e
                    0x075e                  _DSGPR1 = 0x75e
                    0x075e                  _DSGPR1bits = 0x75e
                    0x0760                  NVMCON = 0x760
                    0x0760                  _NVMCON = 0x760
                    0x0760                  _NVMCONbits = 0x760
                    0x0766                  NVMKEY = 0x766
                    0x0766                  _NVMKEY = 0x766
                    0x0770                  PMD1 = 0x770
                    0x0770                  _PMD1 = 0x770
                    0x0770                  _PMD1bits = 0x770
                    0x0772                  PMD2 = 0x772
                    0x0772                  _PMD2 = 0x772
                    0x0772                  _PMD2bits = 0x772
                    0x0774                  PMD3 = 0x774
                    0x0774                  _PMD3 = 0x774
                    0x0774                  _PMD3bits = 0x774
                    0x0776                  PMD4 = 0x776
                    0x0776                  _PMD4 = 0x776
                    0x0776                  _PMD4bits = 0x776
                    0x0144                  IC1 = 0x144
                    0x0144                  _IC1 = 0x144
                    0x014c                  IC2 = 0x14c
                    0x014c                  _IC2 = 0x14c
                    0x0154                  IC3 = 0x154
                    0x0154                  _IC3 = 0x154
                    0x015c                  IC4 = 0x15c
                    0x015c                  _IC4 = 0x15c
                    0x0164                  IC5 = 0x164
                    0x0164                  _IC5 = 0x164
                    0x0194                  OC1 = 0x194
                    0x0194                  _OC1 = 0x194
                    0x019e                  OC2 = 0x19e
                    0x019e                  _OC2 = 0x19e
                    0x01a8                  OC3 = 0x1a8
                    0x01a8                  _OC3 = 0x1a8
                    0x01b2                  OC4 = 0x1b2
                    0x01b2                  _OC4 = 0x1b2
                    0x01bc                  OC5 = 0x1bc
                    0x01bc                  _OC5 = 0x1bc
                    0x0240                  SPI1 = 0x240
                    0x0240                  _SPI1 = 0x240
                    0x0260                  SPI2 = 0x260
                    0x0260                  _SPI2 = 0x260
                    0x0220                  UART1 = 0x220
                    0x0220                  _UART1 = 0x220
                    0x0230                  UART2 = 0x230
                    0x0230                  _UART2 = 0x230
START GROUP
LOAD /Applications/microchip/xc16/v1.32/bin/bin/../../lib/liblega-pic30-elf.a
LOAD /Applications/microchip/xc16/v1.32/bin/bin/../../lib/libm-elf.a
LOAD /Applications/microchip/xc16/v1.32/bin/bin/../../lib/liblega-c-elf.a
END GROUP
OUTPUT(dist/default/production/sdComplete.X.production.elf elf32-pic30)
LOAD jump_table
LOAD default_isr
LOAD heap
LOAD data_init

.debug_pubtypes
                  0x000128        0x751
 .debug_pubtypes
                  0x000128         0x9c build/default/production/mcc_generated_files/spi1.o
 .debug_pubtypes
                  0x0001c4         0x91 build/default/production/mcc_generated_files/oc1.o
 .debug_pubtypes
                  0x000255         0xae build/default/production/mcc_generated_files/adc1.o
 .debug_pubtypes
                  0x000303         0x91 build/default/production/mcc_generated_files/oc2.o
 .debug_pubtypes
                  0x000394         0x12 build/default/production/mcc_generated_files/interrupt_manager.o
 .debug_pubtypes
                  0x0003a6         0x4e build/default/production/mcc_generated_files/traps.o
 .debug_pubtypes
                  0x0003f4         0x6f build/default/production/mcc_generated_files/uart1.o
 .debug_pubtypes
                  0x000463         0x1e build/default/production/mcc_generated_files/mcc.o
 .debug_pubtypes
                  0x000481         0xf3 build/default/production/mcc_generated_files/pin_manager.o
 .debug_pubtypes
                  0x000574         0x87 build/default/production/mcc_generated_files/tmr1.o
 .debug_pubtypes
                  0x0005fb         0x87 build/default/production/mcc_generated_files/tmr2.o
 .debug_pubtypes
                  0x000682        0x1f7 build/default/production/main.o

__c30_signature
                  0x000879        0x13e
 __c30_signature
                  0x000879          0x6 build/default/production/mcc_generated_files/spi1.o
 __c30_signature
                  0x00087f          0x6 build/default/production/mcc_generated_files/oc1.o
 __c30_signature
                  0x000885          0x6 build/default/production/mcc_generated_files/adc1.o
 __c30_signature
                  0x00088b          0x6 build/default/production/mcc_generated_files/oc2.o
 __c30_signature
                  0x000891          0x6 build/default/production/mcc_generated_files/interrupt_manager.o
 __c30_signature
                  0x000897          0x6 build/default/production/mcc_generated_files/traps.o
 __c30_signature
                  0x00089d          0x6 build/default/production/mcc_generated_files/uart1.o
 __c30_signature
                  0x0008a3          0x6 build/default/production/mcc_generated_files/mcc.o
 __c30_signature
                  0x0008a9          0x6 build/default/production/mcc_generated_files/pin_manager.o
 __c30_signature
                  0x0008af          0x6 build/default/production/mcc_generated_files/tmr1.o
 __c30_signature
                  0x0008b5          0x6 build/default/production/mcc_generated_files/tmr2.o
 __c30_signature
                  0x0008bb          0x6 build/default/production/main.o
 __c30_signature
                  0x0008c1          0x6 /Applications/microchip/xc16/v1.32/bin/bin/../../lib/liblega-pic30-elf.a(crt0_standard.o)
 __c30_signature
                  0x0008c7          0x6 /Applications/microchip/xc16/v1.32/bin/bin/../../lib/liblega-pic30-elf.a(data_init_standard.o)
 __c30_signature
                  0x0008cd          0x6 /Applications/microchip/xc16/v1.32/bin/bin/../../lib/libm-elf.a(udivsi3.eo)
 __c30_signature
                  0x0008d3          0x6 /Applications/microchip/xc16/v1.32/bin/bin/../../lib/liblega-c-elf.a(toupper.XX_eso)
 __c30_signature
                  0x0008d9          0x6 /Applications/microchip/xc16/v1.32/bin/bin/../../lib/liblega-c-elf.a(free.XX_eo)
 __c30_signature
                  0x0008df          0x6 /Applications/microchip/xc16/v1.32/bin/bin/../../lib/liblega-c-elf.a(malloc.XX_eo)
 __c30_signature
                  0x0008e5          0x6 /Applications/microchip/xc16/v1.32/bin/bin/../../lib/liblega-c-elf.a(memcmp.XX_eo)
 __c30_signature
                  0x0008eb          0x6 /Applications/microchip/xc16/v1.32/bin/bin/../../lib/liblega-c-elf.a(memcpy.XX_eo)
 __c30_signature
                  0x0008f1          0x6 /Applications/microchip/xc16/v1.32/bin/bin/../../lib/liblega-c-elf.a(puts.XX_eo)
 __c30_signature
                  0x0008f7          0x6 /Applications/microchip/xc16/v1.32/bin/bin/../../lib/liblega-c-elf.a(xfiles.XX_eo)
 __c30_signature
                  0x0008fd          0x6 /Applications/microchip/xc16/v1.32/bin/bin/../../lib/liblega-c-elf.a(xgetmem.XX_eo)
 __c30_signature
                  0x000903          0x6 /Applications/microchip/xc16/v1.32/bin/bin/../../lib/liblega-c-elf.a(xstoul.XX_eo)
 __c30_signature
                  0x000909          0x6 /Applications/microchip/xc16/v1.32/bin/bin/../../lib/liblega-c-elf.a(isspace.XX_elso)
 __c30_signature
                  0x00090f          0x6 /Applications/microchip/xc16/v1.32/bin/bin/../../lib/liblega-c-elf.a(tolower.XX_elso)
 __c30_signature
                  0x000915          0x6 /Applications/microchip/xc16/v1.32/bin/bin/../../lib/liblega-c-elf.a(errno.XX_elo)
 __c30_signature
                  0x00091b          0x6 /Applications/microchip/xc16/v1.32/bin/bin/../../lib/liblega-c-elf.a(fputc.XX_elo)
 __c30_signature
                  0x000921          0x6 /Applications/microchip/xc16/v1.32/bin/bin/../../lib/liblega-c-elf.a(sprintf_cdnopuxX.XXeo)
 __c30_signature
                  0x000927          0x6 /Applications/microchip/xc16/v1.32/bin/bin/../../lib/liblega-c-elf.a(printf_s.XXeo)
 __c30_signature
                  0x00092d          0x6 /Applications/microchip/xc16/v1.32/bin/bin/../../lib/liblega-c-elf.a(fflush.XX_eo)
 __c30_signature
                  0x000933          0x6 /Applications/microchip/xc16/v1.32/bin/bin/../../lib/liblega-c-elf.a(fputs.XX_eo)
 __c30_signature
                  0x000939          0x6 /Applications/microchip/xc16/v1.32/bin/bin/../../lib/liblega-c-elf.a(fwrite.XX_eo)
 __c30_signature
                  0x00093f          0x6 /Applications/microchip/xc16/v1.32/bin/bin/../../lib/liblega-c-elf.a(memchr.XX_eo)
 __c30_signature
                  0x000945          0x6 /Applications/microchip/xc16/v1.32/bin/bin/../../lib/liblega-c-elf.a(strchr.XX_eo)
 __c30_signature
                  0x00094b          0x6 /Applications/microchip/xc16/v1.32/bin/bin/../../lib/liblega-c-elf.a(strlen.XX_eo)
 __c30_signature
                  0x000951          0x6 /Applications/microchip/xc16/v1.32/bin/bin/../../lib/liblega-c-elf.a(strrchr.XX_eo)
 __c30_signature
                  0x000957          0x6 /Applications/microchip/xc16/v1.32/bin/bin/../../lib/liblega-c-elf.a(xfwprep.XX_eo)
 __c30_signature
                  0x00095d          0x6 /Applications/microchip/xc16/v1.32/bin/bin/../../lib/liblega-c-elf.a(xlitob.XX_eo)
 __c30_signature
                  0x000963          0x6 /Applications/microchip/xc16/v1.32/bin/bin/../../lib/liblega-c-elf.a(xputtxt.XX_eo)
 __c30_signature
                  0x000969          0x6 /Applications/microchip/xc16/v1.32/bin/bin/../../lib/liblega-c-elf.a(xvacopy.XX_eo)
 __c30_signature
                  0x00096f          0x6 /Applications/microchip/xc16/v1.32/bin/bin/../../lib/liblega-c-elf.a(fclose.XX_elo)
 __c30_signature
                  0x000975          0x6 /Applications/microchip/xc16/v1.32/bin/bin/../../lib/liblega-c-elf.a(xatexit.XX_elo)
 __c30_signature
                  0x00097b          0x6 /Applications/microchip/xc16/v1.32/bin/bin/../../lib/liblega-pic30-elf.a(close.Leo)
 __c30_signature
                  0x000981          0x6 /Applications/microchip/xc16/v1.32/bin/bin/../../lib/liblega-pic30-elf.a(remove.Leo)
 __c30_signature
                  0x000987          0x6 /Applications/microchip/xc16/v1.32/bin/bin/../../lib/liblega-pic30-elf.a(sbrk.Leo)
 __c30_signature
                  0x00098d          0x6 /Applications/microchip/xc16/v1.32/bin/bin/../../lib/liblega-pic30-elf.a(brk.Lelo)
 __c30_signature
                  0x000993          0x6 /Applications/microchip/xc16/v1.32/bin/bin/../../lib/libm-elf.a(divsi3.eo)
 __c30_signature
                  0x000999          0x6 /Applications/microchip/xc16/v1.32/bin/bin/../../lib/libm-elf.a(umodsi3.eo)
 __c30_signature
                  0x00099f          0x6 /Applications/microchip/xc16/v1.32/bin/bin/../../lib/libm-elf.a(mulsi3.eo)
 __c30_signature
                  0x0009a5          0x6 /Applications/microchip/xc16/v1.32/bin/bin/../../lib/libm-elf.a(divmoddi3.eo)
 __c30_signature
                  0x0009ab          0x6 /Applications/microchip/xc16/v1.32/bin/bin/../../lib/liblega-c-elf.a(xprintf_cdnopsuxX.XXeo)
 __c30_signature
                  0x0009b1          0x6 /Applications/microchip/xc16/v1.32/bin/bin/../../lib/liblega-c-elf.a(xputfld_cdnopsuxX.XXeo)

.nbss               0x0800         0x28
 .nbss              0x0800         0x22 build/default/production/main.o
                    0x0800                  _FError
                    0x0802                  _Offset
                    0x0804                  _BPtr
                    0x0806                  _BCount
                    0x0808                  _Bytes
                    0x080a                  _Stereo
                    0x080c                  _Fix
                    0x080e                  _Skip
                    0x0810                  _Size
                    0x0812                  _Play
                    0x0813                  _Pause
                    0x0814                  _PlayNext
                    0x0815                  _Record
                    0x0816                  _Began
                    0x0817                  _Live
                    0x0818                  _Max
                    0x0819                  _CurBuf
                    0x081a                  _WriteBuf
                    0x081c                  _AEmptyFlag
                    0x081e                  _D
 .nbss              0x0822          0x2 build/default/production/mcc_generated_files/oc1.o
 .nbss              0x0824          0x2 build/default/production/mcc_generated_files/adc1.o
 .nbss              0x0826          0x2 build/default/production/mcc_generated_files/oc2.o

.ndata              0x0828          0x4
 .ndata             0x0828          0x2 build/default/production/mcc_generated_files/traps.o
 .ndata             0x082a          0x2 build/default/production/main.o

.bss                0x082c       0x1852
 .bss               0x082c       0x1852 build/default/production/main.o
                    0x082c                  _ABuffer
                    0x202c                  _TempBuf
                    0x202e                  _lister

.data               0x207e         0xf4
 .data              0x207e         0x88 /Applications/microchip/xc16/v1.32/bin/bin/../../lib/liblega-c-elf.a(xfiles.XX_eo)
                    0x207e                  __Stdin
                    0x20a6                  __Stdout
                    0x20ce                  __Stderr
                    0x20f6                  __Files
 .data              0x2106         0x4a /Applications/microchip/xc16/v1.32/bin/bin/../../lib/liblega-c-elf.a(xstoul.XX_eo)
 .data              0x2150         0x22 /Applications/microchip/xc16/v1.32/bin/bin/../../lib/liblega-c-elf.a(xlitob.XX_eo)

.bss                0x2172         0x20
 .bss               0x2172         0x20 build/default/production/mcc_generated_files/traps.o

.data               0x2192         0x1a
 .data              0x2192         0x1a /Applications/microchip/xc16/v1.32/bin/bin/../../lib/liblega-c-elf.a(xprintf_cdnopsuxX.XXeo)

.bss                0x21ac          0xc
 .bss               0x21ac          0x4 /Applications/microchip/xc16/v1.32/bin/bin/../../lib/liblega-c-elf.a(malloc.XX_eo)
                    0x21ac                  __Aldata
 .bss               0x21b0          0x4 /Applications/microchip/xc16/v1.32/bin/bin/../../lib/liblega-c-elf.a(errno.XX_elo)
                    0x21b0                  _errno
                    0x21b2                  __Tls_setup_errno
 .bss               0x21b4          0x2 build/default/production/mcc_generated_files/tmr1.o
 .bss               0x21b6          0x2 build/default/production/mcc_generated_files/tmr2.o

.data               0x21b8          0x2
 .data              0x21b8          0x2 /Applications/microchip/xc16/v1.32/bin/bin/../../lib/liblega-c-elf.a(malloc.XX_eo)
                    0x21b8                  __Size_block

.bss                0x21ba          0x4
 .bss               0x21ba          0x2 /Applications/microchip/xc16/v1.32/bin/bin/../../lib/liblega-c-elf.a(fclose.XX_elo)
 .bss               0x21bc          0x2 /Applications/microchip/xc16/v1.32/bin/bin/../../lib/liblega-pic30-elf.a(brk.Lelo)
                    0x21bc                  ___curbrk

.heap               0x21be        0x320
 .heap              0x21be        0x320 heap

.ivt._OscillatorFail
                  0x000006          0x2
 .ivt._OscillatorFail
                  0x000006          0x2 build/default/production/mcc_generated_files/traps.o

.ivt._StackError
                  0x00000a          0x2
 .ivt._StackError
                  0x00000a          0x2 build/default/production/mcc_generated_files/traps.o

.ivt._AddressError
                  0x000008          0x2
 .ivt._AddressError
                  0x000008          0x2 build/default/production/mcc_generated_files/traps.o

.ivt._MathError
                  0x00000c          0x2
 .ivt._MathError
                  0x00000c          0x2 build/default/production/mcc_generated_files/traps.o

.config_JTAGEN    0x00abfe          0x2
 .config_JTAGEN
                  0x00abfe          0x2 build/default/production/mcc_generated_files/mcc.o

.config_IESO      0x00abfc          0x2
 .config_IESO     0x00abfc          0x2 build/default/production/mcc_generated_files/mcc.o

.config_WPEND     0x00abfa          0x2
 .config_WPEND    0x00abfa          0x2 build/default/production/mcc_generated_files/mcc.o

.config_DSWDTEN
                  0x00abf8          0x2
 .config_DSWDTEN
                  0x00abf8          0x2 build/default/production/mcc_generated_files/mcc.o

.ivt._T1Interrupt
                  0x00001a          0x2
 .ivt._T1Interrupt
                  0x00001a          0x2 build/default/production/main.o

.ivt._T2Interrupt
                  0x000022          0x2
 .ivt._T2Interrupt
                  0x000022          0x2 build/default/production/main.o

.ivt._T3Interrupt
                  0x000024          0x2
 .ivt._T3Interrupt
                  0x000024          0x2 build/default/production/main.o

.ivt._CNInterrupt
                  0x00003a          0x2
 .ivt._CNInterrupt
                  0x00003a          0x2 build/default/production/main.o

.const              0x96fc         0x88 load address 0x0016fc  
 .const             0x96fc         0x88 build/default/production/main.o

.text             0x001784       0x19d4
 .text            0x001784       0x152a build/default/production/main.o
                  0x001784                  _WriteSPI
                  0x0017aa                  _SendSDCmd
                  0x00180e                  _InitMedia
                  0x001880                  _WriteSECTOR
                  0x001912                  _ReadSECTOR
                  0x00199e                  _mount
                  0x001b4a                  _umount
                  0x001b56                  _ReadDATA
                  0x001ba4                  _WriteDATA
                  0x001bf2                  _ReadDIR
                  0x001c18                  _WriteDIR
                  0x001c3e                  _FindDIR
                  0x001d4a                  _NewDIR
                  0x001dbc                  _ReadFAT
                  0x001e20                  _NextFAT
                  0x001e6e                  _WriteFAT
                  0x001ef4                  _NewFAT
                  0x001f54                  _fcloseM
                  0x002028                  _fopenM
                  0x002386                  _fwriteM
                  0x002474                  _freadM
                  0x00259e                  _fseekM
                  0x0025d8                  _InitAudio
                  0x002650                  _HaltAudio
                  0x00265a                  _PlayWAV
                  0x002880                  _InitRec
                  0x0028fc                  _fcloseWAV
                  0x002a0c                  _RecWAV
                  0x002a80                  _listTYPE
                  0x002bb2                  _main
 .text            0x002cae        0x1d4 build/default/production/mcc_generated_files/spi1.o
                  0x002cae                  _SPI1_Initialize
                  0x002cbe                  _SPI1_Exchange
                  0x002d26                  _SPI1_ExchangeBuffer
                  0x002e40                  _SPI1_Exchange8bit
                  0x002e50                  _SPI1_Exchange8bitBuffer
                  0x002e64                  _SPI1_TransferModeGet
                  0x002e7a                  _SPI1_StatusGet
 .text            0x002e82        0x16c build/default/production/mcc_generated_files/oc2.o
                  0x002e82                  _OC2_Initialize
                  0x002ea0                  _OC2_Tasks
                  0x002eb2                  _OC2_Start
                  0x002ecc                  _OC2_Stop
                  0x002eda                  _OC2_SingleCompareValueSet
                  0x002ee6                  _OC2_DualCompareValueSet
                  0x002ef8                  _OC2_CentreAlignedPWMConfig
                  0x002f0a                  _OC2_EdgeAlignedPWMConfig
                  0x002f1c                  _OC2_SecondaryValueSet
                  0x002f28                  _OC2_PrimaryValueSet
                  0x002f34                  _OC2_IsCompareCycleComplete
                  0x002f4c                  _OC2_FaultStatusGet
                  0x002fa2                  _OC2_FaultStatusClear
                  0x002fc6                  _OC2_ManualTriggerSet
                  0x002fce                  _OC2_TriggerStatusGet
                  0x002fe6                  _OC2_TriggerStatusClear
 .text            0x002fee        0x16a build/default/production/mcc_generated_files/oc1.o
                  0x002fee                  _OC1_Initialize
                  0x00300c                  _OC1_Tasks
                  0x00301c                  _OC1_Start
                  0x003036                  _OC1_Stop
                  0x003044                  _OC1_SingleCompareValueSet
                  0x003050                  _OC1_DualCompareValueSet
                  0x003062                  _OC1_CentreAlignedPWMConfig
                  0x003074                  _OC1_EdgeAlignedPWMConfig
                  0x003086                  _OC1_SecondaryValueSet
                  0x003092                  _OC1_PrimaryValueSet
                  0x00309e                  _OC1_IsCompareCycleComplete
                  0x0030b6                  _OC1_FaultStatusGet
                  0x00310c                  _OC1_FaultStatusClear
                  0x003130                  _OC1_ManualTriggerSet
                  0x003138                  _OC1_TriggerStatusGet
                  0x003150                  _OC1_TriggerStatusClear

.dinit            0x003158        0x132
 .dinit           0x003158        0x132 data_init

.text             0x00328a        0x340
 .text            0x00328a         0xb2 build/default/production/mcc_generated_files/tmr2.o
                  0x00328a                  _TMR2_Initialize
                  0x0032a0                  _TMR2_Tasks_16BitOperation
                  0x0032c2                  _TMR2_Period16BitSet
                  0x0032d4                  _TMR2_Period16BitGet
                  0x0032dc                  _TMR2_Counter16BitSet
                  0x0032ee                  _TMR2_Counter16BitGet
                  0x0032f6                  _TMR2_Start
                  0x003304                  _TMR2_Stop
                  0x00330c                  _TMR2_GetElapsedThenClear
                  0x003324                  _TMR2_SoftwareCounterGet
                  0x003330                  _TMR2_SoftwareCounterClear
 .text            0x00333c         0xb0 build/default/production/mcc_generated_files/tmr1.o
                  0x00333c                  _TMR1_Initialize
                  0x003352                  _TMR1_Tasks_16BitOperation
                  0x003372                  _TMR1_Period16BitSet
                  0x003384                  _TMR1_Period16BitGet
                  0x00338c                  _TMR1_Counter16BitSet
                  0x00339e                  _TMR1_Counter16BitGet
                  0x0033a6                  _TMR1_Start
                  0x0033b4                  _TMR1_Stop
                  0x0033bc                  _TMR1_GetElapsedThenClear
                  0x0033d4                  _TMR1_SoftwareCounterGet
                  0x0033e0                  _TMR1_SoftwareCounterClear
 .text            0x0033ec         0xa4 build/default/production/mcc_generated_files/pin_manager.o
                  0x0033ec                  _PIN_MANAGER_Initialize
 .text            0x003490         0x96 build/default/production/mcc_generated_files/adc1.o
                  0x003490                  _ADC1_Initialize
                  0x0034b0                  _ADC1_Start
                  0x0034b8                  _ADC1_Stop
                  0x0034c0                  _ADC1_ConversionResultBufferGet
                  0x0034f2                  _ADC1_ConversionResultGet
                  0x0034fa                  _ADC1_IsConversionComplete
                  0x003512                  _ADC1_ChannelSelect
                  0x00351e                  _ADC1_Tasks
 .text            0x003526         0x52 build/default/production/mcc_generated_files/uart1.o
                  0x003526                  _UART1_Initialize
                  0x00353a                  _UART1_Read
                  0x003558                  _UART1_Write
                  0x003570                  _UART1_StatusGet
 .text            0x003578         0x36 build/default/production/mcc_generated_files/mcc.o
                  0x003578                  _SYSTEM_Initialize
                  0x003592                  _OSCILLATOR_Initialize
 .text            0x0035ae         0x16 build/default/production/mcc_generated_files/traps.o
                  0x0035ae                  _TRAPS_halt_on_error
 .text            0x0035c4          0x6 build/default/production/mcc_generated_files/interrupt_manager.o
                  0x0035c4                  _INTERRUPT_Initialize